[plataforma.josedomingo.org/pledin/cursos/python3/index.html]
[backblue.gif]
[fade.gif]
[index.html]
[plataforma.josedomingo.org/pledin/assets/css/main.css]
[cdn.jsdelivr.net/npm/@fortawesome/fontawesome-free@5/css/all.min.css]
[plataforma.josedomingo.org/pledin/assets/icons/apple-touch-icon.png]
[plataforma.josedomingo.org/pledin/assets/icons/favicon-32x32.png]
[plataforma.josedomingo.org/pledin/assets/icons/favicon-16x16.png]
[plataforma.josedomingo.org/pledin/cursos/python3/index-2.html]
[plataforma.josedomingo.org/pledin/cursos/python3/curso/u01/index.html]
[plataforma.josedomingo.org/pledin/cursos/python3/curso/u02/index.html]
[plataforma.josedomingo.org/pledin/cursos/python3/curso/u03/index.html]
[plataforma.josedomingo.org/pledin/cursos/python3/curso/u04/index.html]
[plataforma.josedomingo.org/pledin/cursos/python3/curso/u05/index.html]
[plataforma.josedomingo.org/pledin/cursos/python3/curso/u06/index.html]
[plataforma.josedomingo.org/pledin/cursos/python3/curso/u07/index.html]
[plataforma.josedomingo.org/pledin/cursos/python3/curso/u08/index.html]
[plataforma.josedomingo.org/pledin/cursos/python3/curso/u09/index.html]
[plataforma.josedomingo.org/pledin/cursos/python3/curso/u10/index.html]
[plataforma.josedomingo.org/pledin/cursos/python3/curso/u11/index.html]
[plataforma.josedomingo.org/pledin/cursos/python3/curso/u12/index.html]
[plataforma.josedomingo.org/pledin/cursos/python3/curso/u13/index.html]
[plataforma.josedomingo.org/pledin/cursos/python3/curso/u14/index.html]
[plataforma.josedomingo.org/pledin/cursos/python3/curso/u15/index.html]
[plataforma.josedomingo.org/pledin/cursos/python3/curso/u16/index.html]
[plataforma.josedomingo.org/pledin/cursos/python3/curso/u17/index.html]
[plataforma.josedomingo.org/pledin/cursos/python3/curso/u18/index.html]
[plataforma.josedomingo.org/pledin/cursos/python3/curso/u19/index.html]
[plataforma.josedomingo.org/pledin/cursos/python3/curso/u20/index.html]
[plataforma.josedomingo.org/pledin/cursos/python3/curso/u21/index.html]
[plataforma.josedomingo.org/pledin/cursos/python3/curso/u22/index.html]
[plataforma.josedomingo.org/pledin/cursos/python3/curso/u23/index.html]
[plataforma.josedomingo.org/pledin/cursos/python3/curso/u24/index.html]
[plataforma.josedomingo.org/pledin/cursos/python3/curso/u25/index.html]
[plataforma.josedomingo.org/pledin/cursos/python3/curso/u26/index.html]
[plataforma.josedomingo.org/pledin/cursos/python3/curso/u27/index.html]
[plataforma.josedomingo.org/pledin/cursos/python3/curso/u28/index.html]
[plataforma.josedomingo.org/pledin/cursos/python3/curso/u29/index.html]
[plataforma.josedomingo.org/pledin/cursos/python3/curso/u30/index.html]
[plataforma.josedomingo.org/pledin/cursos/python3/curso/u31/index.html]
[plataforma.josedomingo.org/pledin/cursos/python3/curso/u32/index.html]
[plataforma.josedomingo.org/pledin/cursos/python3/curso/u33/index.html]
[plataforma.josedomingo.org/pledin/cursos/python3/curso/u34/index.html]
[plataforma.josedomingo.org/pledin/cursos/python3/curso/u35/index.html]
[plataforma.josedomingo.org/pledin/cursos/python3/curso/u36/index.html]
[plataforma.josedomingo.org/pledin/cursos/python3/curso/u37/index.html]
[plataforma.josedomingo.org/pledin/cursos/python3/curso/u38/index.html]
[plataforma.josedomingo.org/pledin/cursos/python3/curso/u39/index.html]
[plataforma.josedomingo.org/pledin/cursos/python3/curso/u40/index.html]
[plataforma.josedomingo.org/pledin/cursos/python3/curso/u41/index.html]
[plataforma.josedomingo.org/pledin/cursos/python3/curso/u42/index.html]
[plataforma.josedomingo.org/pledin/cursos/python3/curso/u43/index.html]
[plataforma.josedomingo.org/pledin/cursos/python3/curso/u44/index.html]
[plataforma.josedomingo.org/pledin/cursos/python3/curso/u45/index.html]
[plataforma.josedomingo.org/pledin/cursos/python3/curso/u46/index.html]
[plataforma.josedomingo.org/pledin/cursos/python3/curso/u47/index.html]
[plataforma.josedomingo.org/pledin/cursos/python3/curso/u48/index.html]
[plataforma.josedomingo.org/pledin/cursos/python3/curso/u49/index.html]
[plataforma.josedomingo.org/pledin/cursos/python3/curso/u50/index.html]
[plataforma.josedomingo.org/pledin/cursos/python3/curso/u51/index.html]
[plataforma.josedomingo.org/pledin/cursos/python3/curso/u52/index.html]
[plataforma.josedomingo.org/pledin/cursos/python3/curso/u53/index.html]
[plataforma.josedomingo.org/pledin/cursos/python3/curso/u54/index.html]
[plataforma.josedomingo.org/pledin/cursos/python3/img/python.png]
[plataforma.josedomingo.org/pledin/cursos/python3/presentacion.pdf]
[plataforma.josedomingo.org/pledin/cursos/python3/curso/u01/index-2.html]
[plataforma.josedomingo.org/pledin/cursos/python3/curso/u02/index-2.html]
[plataforma.josedomingo.org/pledin/cursos/python3/curso/u03/index-2.html]
[plataforma.josedomingo.org/pledin/cursos/python3/curso/u04/index-2.html]
[plataforma.josedomingo.org/pledin/cursos/python3/curso/u05/index-2.html]
[plataforma.josedomingo.org/pledin/cursos/python3/curso/u06/index-2.html]
[plataforma.josedomingo.org/pledin/cursos/python3/curso/u07/index-2.html]
[plataforma.josedomingo.org/pledin/cursos/python3/curso/u08/index-2.html]
[plataforma.josedomingo.org/pledin/cursos/python3/curso/u09/index-2.html]
[plataforma.josedomingo.org/pledin/cursos/python3/curso/u10/index-2.html]
[plataforma.josedomingo.org/pledin/cursos/python3/curso/u11/index-2.html]
[plataforma.josedomingo.org/pledin/cursos/python3/curso/u12/index-2.html]
[plataforma.josedomingo.org/pledin/cursos/python3/curso/u13/index-2.html]
[plataforma.josedomingo.org/pledin/assets/js/main.min.js]
[plataforma.josedomingo.org/pledin/assets/js/lunr/lunr.min.js]
[plataforma.josedomingo.org/pledin/cursos/python3/curso/u14/index-2.html]
[plataforma.josedomingo.org/pledin/assets/js/lunr/lunr-store.js]
[plataforma.josedomingo.org/pledin/assets/js/lunr/lunr-en.js]
[plataforma.josedomingo.org/pledin/cursos/python3/index.html]
[plataforma.josedomingo.org/pledin/assets/css/main.css]
[cdn.jsdelivr.net/npm/@fortawesome/fontawesome-free@5/css/all.min.css]
[plataforma.josedomingo.org/pledin/cursos/python3/index-2.html]
[plataforma.josedomingo.org/pledin/cursos/python3/curso/u15/index-2.html]
[plataforma.josedomingo.org/pledin/cursos/python3/curso/u16/index-2.html]
[plataforma.josedomingo.org/pledin/cursos/python3/curso/u01/index.html]
[plataforma.josedomingo.org/pledin/cursos/python3/curso/u18/index-2.html]
[plataforma.josedomingo.org/pledin/cursos/python3/curso/u17/index-2.html]
[plataforma.josedomingo.org/pledin/cursos/python3/curso/u02/index.html]
[plataforma.josedomingo.org/pledin/cursos/python3/curso/u19/index-2.html]
[plataforma.josedomingo.org/pledin/cursos/python3/curso/u20/index-2.html]
[plataforma.josedomingo.org/pledin/cursos/python3/curso/u21/index-2.html]
[plataforma.josedomingo.org/pledin/cursos/python3/curso/u22/index-2.html]
[plataforma.josedomingo.org/pledin/cursos/python3/curso/u03/index.html]
[plataforma.josedomingo.org/pledin/cursos/python3/curso/u23/index-2.html]
[plataforma.josedomingo.org/pledin/cursos/python3/curso/u24/index-2.html]
[plataforma.josedomingo.org/pledin/cursos/python3/curso/u04/index.html]
[plataforma.josedomingo.org/pledin/cursos/python3/curso/u25/index-2.html]
[plataforma.josedomingo.org/pledin/cursos/python3/curso/u26/index-2.html]
[plataforma.josedomingo.org/pledin/cursos/python3/curso/u05/index.html]
[plataforma.josedomingo.org/pledin/cursos/python3/curso/u27/index-2.html]
[plataforma.josedomingo.org/pledin/cursos/python3/curso/u28/index-2.html]
[plataforma.josedomingo.org/pledin/cursos/python3/curso/u29/index-2.html]
[plataforma.josedomingo.org/pledin/cursos/python3/curso/u30/index-2.html]
[plataforma.josedomingo.org/pledin/cursos/python3/curso/u06/index.html]
[plataforma.josedomingo.org/pledin/cursos/python3/curso/u31/index-2.html]
[plataforma.josedomingo.org/pledin/cursos/python3/curso/u32/index-2.html]
[plataforma.josedomingo.org/pledin/cursos/python3/curso/u07/index.html]
[plataforma.josedomingo.org/pledin/cursos/python3/curso/u33/index-2.html]
[plataforma.josedomingo.org/pledin/cursos/python3/curso/u34/index-2.html]
[plataforma.josedomingo.org/pledin/cursos/python3/curso/u08/index.html]
[plataforma.josedomingo.org/pledin/cursos/python3/curso/u35/index-2.html]
[plataforma.josedomingo.org/pledin/cursos/python3/curso/u36/index-2.html]
[plataforma.josedomingo.org/pledin/cursos/python3/curso/u37/index-2.html]
[plataforma.josedomingo.org/pledin/cursos/python3/curso/u38/index-2.html]
[plataforma.josedomingo.org/pledin/cursos/python3/curso/u09/index.html]
[plataforma.josedomingo.org/pledin/cursos/python3/curso/u39/index-2.html]
[plataforma.josedomingo.org/pledin/cursos/python3/curso/u40/index-2.html]
[plataforma.josedomingo.org/pledin/cursos/python3/curso/u10/index.html]
[plataforma.josedomingo.org/pledin/cursos/python3/curso/u41/index-2.html]
[plataforma.josedomingo.org/pledin/cursos/python3/curso/u42/index-2.html]
[plataforma.josedomingo.org/pledin/cursos/python3/curso/u11/index.html]
[plataforma.josedomingo.org/pledin/cursos/python3/curso/u43/index-2.html]
[plataforma.josedomingo.org/pledin/cursos/python3/curso/u44/index-2.html]
[plataforma.josedomingo.org/pledin/cursos/python3/curso/u45/index-2.html]
[plataforma.josedomingo.org/pledin/cursos/python3/curso/u46/index-2.html]
[plataforma.josedomingo.org/pledin/cursos/python3/curso/u12/index.html]
[plataforma.josedomingo.org/pledin/cursos/python3/curso/u47/index-2.html]
[plataforma.josedomingo.org/pledin/cursos/python3/curso/u48/index-2.html]
[plataforma.josedomingo.org/pledin/cursos/python3/curso/u13/index.html]
[plataforma.josedomingo.org/pledin/cursos/python3/curso/u49/index-2.html]
[plataforma.josedomingo.org/pledin/cursos/python3/curso/u50/index-2.html]
[plataforma.josedomingo.org/pledin/cursos/python3/curso/u14/index.html]
[plataforma.josedomingo.org/pledin/cursos/python3/curso/u51/index-2.html]
[plataforma.josedomingo.org/pledin/cursos/python3/curso/u52/index-2.html]
[plataforma.josedomingo.org/pledin/cursos/python3/curso/u15/index.html]
[plataforma.josedomingo.org/pledin/cursos/python3/curso/u16/index.html]
[plataforma.josedomingo.org/pledin/cursos/python3/curso/u17/index.html]
[plataforma.josedomingo.org/pledin/cursos/python3/curso/u18/index.html]
[plataforma.josedomingo.org/pledin/cursos/python3/curso/u19/index.html]
[plataforma.josedomingo.org/pledin/cursos/python3/curso/u20/index.html]
[plataforma.josedomingo.org/pledin/cursos/python3/curso/u21/index.html]
[plataforma.josedomingo.org/pledin/cursos/python3/curso/u22/index.html]
[plataforma.josedomingo.org/pledin/cursos/python3/curso/u23/index.html]
[plataforma.josedomingo.org/pledin/cursos/python3/curso/u24/index.html]
[plataforma.josedomingo.org/pledin/cursos/python3/curso/u25/index.html]
[plataforma.josedomingo.org/pledin/cursos/python3/curso/u26/index.html]
[plataforma.josedomingo.org/pledin/cursos/python3/curso/u27/index.html]
[plataforma.josedomingo.org/pledin/cursos/python3/curso/u28/index.html]
[plataforma.josedomingo.org/pledin/cursos/python3/curso/u29/index.html]
[plataforma.josedomingo.org/pledin/cursos/python3/curso/u30/index.html]
[plataforma.josedomingo.org/pledin/cursos/python3/curso/u31/index.html]
[plataforma.josedomingo.org/pledin/cursos/python3/curso/u32/index.html]
[plataforma.josedomingo.org/pledin/cursos/python3/curso/u33/index.html]
[plataforma.josedomingo.org/pledin/cursos/python3/curso/u34/index.html]
[plataforma.josedomingo.org/pledin/cursos/python3/curso/u35/index.html]
[plataforma.josedomingo.org/pledin/cursos/python3/curso/u36/index.html]
[plataforma.josedomingo.org/pledin/cursos/python3/curso/u37/index.html]
[plataforma.josedomingo.org/pledin/cursos/python3/curso/u38/index.html]
[plataforma.josedomingo.org/pledin/cursos/python3/curso/u39/index.html]
[plataforma.josedomingo.org/pledin/cursos/python3/curso/u40/index.html]
[plataforma.josedomingo.org/pledin/cursos/python3/curso/u41/index.html]
[plataforma.josedomingo.org/pledin/cursos/python3/curso/u42/index.html]
[plataforma.josedomingo.org/pledin/cursos/python3/curso/u43/index.html]
[plataforma.josedomingo.org/pledin/cursos/python3/curso/u44/index.html]
[plataforma.josedomingo.org/pledin/cursos/python3/curso/u45/index.html]
[plataforma.josedomingo.org/pledin/cursos/python3/curso/u46/index.html]
[plataforma.josedomingo.org/pledin/cursos/python3/curso/u47/index.html]
[plataforma.josedomingo.org/pledin/cursos/python3/curso/u48/index.html]
[plataforma.josedomingo.org/pledin/cursos/python3/curso/u49/index.html]
[plataforma.josedomingo.org/pledin/cursos/python3/curso/u50/index.html]
[plataforma.josedomingo.org/pledin/cursos/python3/curso/u51/index.html]
[plataforma.josedomingo.org/pledin/cursos/python3/curso/u52/index.html]
[plataforma.josedomingo.org/pledin/cursos/python3/curso/u53/index.html]
[plataforma.josedomingo.org/pledin/cursos/python3/curso/u54/index.html]
[plataforma.josedomingo.org/pledin/cursos/python3/curso/u01/index-2.html]
[plataforma.josedomingo.org/pledin/cursos/python3/curso/u02/index-2.html]
[plataforma.josedomingo.org/pledin/cursos/python3/curso/u03/index-2.html]
[plataforma.josedomingo.org/pledin/cursos/python3/curso/u04/index-2.html]
[plataforma.josedomingo.org/pledin/cursos/python3/curso/u05/index-2.html]
[plataforma.josedomingo.org/pledin/cursos/python3/curso/u06/index-2.html]
[plataforma.josedomingo.org/pledin/cursos/python3/curso/u07/index-2.html]
[plataforma.josedomingo.org/pledin/cursos/python3/curso/u08/index-2.html]
[plataforma.josedomingo.org/pledin/cursos/python3/curso/u09/index-2.html]
[plataforma.josedomingo.org/pledin/cursos/python3/curso/u10/index-2.html]
[plataforma.josedomingo.org/pledin/cursos/python3/curso/u11/index-2.html]
[plataforma.josedomingo.org/pledin/cursos/python3/curso/u12/index-2.html]
[plataforma.josedomingo.org/pledin/cursos/python3/curso/u13/index-2.html]
[plataforma.josedomingo.org/pledin/cursos/python3/curso/u14/index-2.html]
[plataforma.josedomingo.org/pledin/cursos/python3/curso/u15/index-2.html]
[plataforma.josedomingo.org/pledin/cursos/python3/curso/u16/index-2.html]
[plataforma.josedomingo.org/pledin/cursos/python3/curso/u17/index-2.html]
[plataforma.josedomingo.org/pledin/cursos/python3/curso/u18/index-2.html]
[plataforma.josedomingo.org/pledin/cursos/python3/curso/u19/index-2.html]
[plataforma.josedomingo.org/pledin/cursos/python3/curso/u20/index-2.html]
[plataforma.josedomingo.org/pledin/cursos/python3/curso/u21/index-2.html]
[plataforma.josedomingo.org/pledin/cursos/python3/curso/u22/index-2.html]
[plataforma.josedomingo.org/pledin/cursos/python3/curso/u23/index-2.html]
[plataforma.josedomingo.org/pledin/cursos/python3/curso/u24/index-2.html]
[plataforma.josedomingo.org/pledin/cursos/python3/curso/u25/index-2.html]
[plataforma.josedomingo.org/pledin/cursos/python3/curso/u26/index-2.html]
[plataforma.josedomingo.org/pledin/cursos/python3/curso/u27/index-2.html]
[plataforma.josedomingo.org/pledin/cursos/python3/curso/u28/index-2.html]
[plataforma.josedomingo.org/pledin/cursos/python3/curso/u29/index-2.html]
[plataforma.josedomingo.org/pledin/cursos/python3/curso/u30/index-2.html]
[plataforma.josedomingo.org/pledin/cursos/python3/curso/u31/index-2.html]
[plataforma.josedomingo.org/pledin/cursos/python3/curso/u32/index-2.html]
[plataforma.josedomingo.org/pledin/cursos/python3/curso/u33/index-2.html]
[plataforma.josedomingo.org/pledin/cursos/python3/curso/u34/index-2.html]
[plataforma.josedomingo.org/pledin/cursos/python3/curso/u35/index-2.html]
[plataforma.josedomingo.org/pledin/cursos/python3/curso/u36/index-2.html]
[plataforma.josedomingo.org/pledin/cursos/python3/curso/u37/index-2.html]
[plataforma.josedomingo.org/pledin/cursos/python3/curso/u38/index-2.html]
[plataforma.josedomingo.org/pledin/cursos/python3/curso/u39/index-2.html]
[plataforma.josedomingo.org/pledin/cursos/python3/curso/u40/index-2.html]
[plataforma.josedomingo.org/pledin/cursos/python3/curso/u41/index-2.html]
[plataforma.josedomingo.org/pledin/cursos/python3/curso/u42/index-2.html]
[plataforma.josedomingo.org/pledin/cursos/python3/curso/u43/index-2.html]
[plataforma.josedomingo.org/pledin/cursos/python3/curso/u44/index-2.html]
[plataforma.josedomingo.org/pledin/cursos/python3/curso/u45/index-2.html]
[plataforma.josedomingo.org/pledin/cursos/python3/curso/u46/index-2.html]
[plataforma.josedomingo.org/pledin/cursos/python3/curso/u47/index-2.html]
[plataforma.josedomingo.org/pledin/cursos/python3/curso/u48/index-2.html]
[plataforma.josedomingo.org/pledin/cursos/python3/curso/u49/index-2.html]
[plataforma.josedomingo.org/pledin/cursos/python3/curso/u50/index-2.html]
[plataforma.josedomingo.org/pledin/cursos/python3/curso/u51/index-2.html]
[plataforma.josedomingo.org/pledin/cursos/python3/curso/u52/index-2.html]
[plataforma.josedomingo.org/pledin/cursos/python3/curso/u53/index-2.html]
[plataforma.josedomingo.org/pledin/cursos/python3/curso/u54/index-2.html]
[plataforma.josedomingo.org/pledin/cursos/python3/curso/u53/index-2.html]
[plataforma.josedomingo.org/pledin/cursos/python3/curso/u54/index-2.html]
